// Jest Snapshot v1, https://goo.gl/fbAQLP

exports[`Small renders 1`] = `
<small
  className="small smallFont"
>
  Some content
</small>
`;
