// Jest Snapshot v1, https://goo.gl/fbAQLP

exports[`FeedbackIconSVG renders 1`] = `
<svg
  aria-hidden="true"
  role="img"
>
  <path />
</svg>
`;
