// Jest Snapshot v1, https://goo.gl/fbAQLP

exports[`FlexGrid renders 1`] = `
<div
  class="flexGrid limitWidth container-fluid"
>
  <div
    class="flexRow row"
  >
    <div
      class="col-xs padding"
    >
      1st column content
    </div>
    <div
      class="col-xs padding"
    >
      2nd column content
    </div>
  </div>
</div>
`;
