exports[`BlockHeroWaveTitleEyebrow matches snapshot 1`] = `
<BlockHeroWaveTitleEyebrow
  eyebrow="Foo"
  title="Bar">
  <div
    className="b-hero-wave-title-eyebrow__bg">
    <div
      className="container container--limited-width">
      <div
        className="grid-row">
        <div
          className="medium-6 large-7 xl-7">
          <p
            className="heading-4 b-hero-wave-title-eyebrow--grape">
            Foo
          </p>
          <h1
            className="display-heading-1">
            Bar
          </h1>
        </div>
      </div>
    </div>
  </div>
</BlockHeroWaveTitleEyebrow>
`;
