// Jest Snapshot v1, https://goo.gl/fbAQLP

exports[`TileImageTextLink should render ImageText5050 (snapshot) 1`] = `null`;
