// Jest Snapshot v1, https://goo.gl/fbAQLP

exports[`VideoBlock matches snapshot 1`] = `
<VideoBlock
  caption="Foo"
  subtext="Bar"
  videoUrl="https://www.youtube.com/embed/MaCZN2N6Q_I?cc_load_policy=1"
>
  <section
    className="video-block"
  >
    <div
      className="container container--limited-width"
    >
      <div
        className="grid-row"
      >
        <div
          className="medium-8"
        >
          <div
            className="video-container-block"
          >
            <iframe
              allowFullScreen=""
              frameBorder="0"
              src="https://www.youtube.com/embed/MaCZN2N6Q_I?cc_load_policy=1"
              title="Foo"
            />
          </div>
          <p
            className="text text--medium"
          >
            <strong>
              Foo
              : 
            </strong>
            Bar
          </p>
        </div>
      </div>
    </div>
  </section>
</VideoBlock>
`;
