// Jest Snapshot v1, https://goo.gl/fbAQLP

exports[`ImageText5050 should render ImageText5050 (snapshot) 1`] = `null`;
