// Jest Snapshot v1, https://goo.gl/fbAQLP

exports[`Paragraph renders 1`] = `
<p
  className="wordBreak noSpacing color medium mediumFont leftAlign"
>
  Some content
</p>
`;
