// Jest Snapshot v1, https://goo.gl/fbAQLP

exports[`<OrderedList /> renders 1`] = `
<ol
  class="TDS_Box-modules__betweenBottomMargin-2___31zX_ TDS_Box-modules__stack___33m4D decimal medium"
>
  <li
    class="base"
  >
    <span
      class="TDS_Typography-modules__medium___1DC1g TDS_Typography-modules__wordBreak___3dmWU TDS_Typography-modules__mediumFont___2ULml TDS_Typography-modules__color___1Jt_W"
    >
      Lorem ipsum
    </span>
  </li>
  <li
    class="base"
  >
    <span
      class="TDS_Typography-modules__medium___1DC1g TDS_Typography-modules__wordBreak___3dmWU TDS_Typography-modules__mediumFont___2ULml TDS_Typography-modules__color___1Jt_W"
    >
      Dolor sit amet
    </span>
  </li>
</ol>
`;
