// Jest Snapshot v1, https://goo.gl/fbAQLP

exports[`InteractiveIcon renders 1`] = `
.c2 {
  position: absolute;
  height: 1px;
  width: 1px;
  overflow: hidden;
  -webkit-clip: rect(1px,1px,1px,1px);
  clip: rect(1px,1px,1px,1px);
}

.c1 {
  padding: 0;
  margin: 0;
  border-width: 0;
  font-family: "TELUS-Web","Helvetica Neue",Helvetica,Arial,sans-serif;
  color: #2a2c2e;
  -webkit-appearance: none;
  -moz-appearance: none;
  appearance: none;
  background: none;
  box-shadow: none;
  cursor: pointer;
  width: 40px;
  height: 40px;
  display: -webkit-inline-box;
  display: -webkit-inline-flex;
  display: -ms-inline-flexbox;
  display: inline-flex;
  -webkit-box-pack: center;
  -webkit-justify-content: center;
  -ms-flex-pack: center;
  justify-content: center;
  -webkit-align-items: center;
  -webkit-box-align: center;
  -ms-flex-align: center;
  align-items: center;
  position: relative;
  -webkit-tap-highlight-color: transparent;
}

.c1:focus {
  outline: none;
}

.c1:hover svg {
  -webkit-transform: scale(1.1,1.1);
  -ms-transform: scale(1.1,1.1);
  transform: scale(1.1,1.1);
}

.c1:active svg {
  -webkit-transform: scale(1,1);
  -ms-transform: scale(1,1);
  transform: scale(1,1);
}

.c3 {
  background-color: #d8d8d8;
  position: absolute;
  top: 0;
  left: 0;
  width: 100%;
  height: 100%;
  z-index: 1;
  border-radius: 50%;
  -webkit-transition: -webkit-transform 200ms ease-in-out;
  -webkit-transition: transform 200ms ease-in-out;
  transition: transform 200ms ease-in-out;
  -webkit-transform: scale(0,0);
  -ms-transform: scale(0,0);
  transform: scale(0,0);
}

.c0:focus .c3,
.c0:active .c3 {
  -webkit-transform: scale(1,1);
  -ms-transform: scale(1,1);
  transform: scale(1,1);
}

@media (prefers-reduced-motion:reduce) {
  .c3 {
    -webkit-transition: none;
    transition: none;
  }
}

<button
  class="c0 c1"
>
  <span
    class="c2"
  >
    This is an interactive icon
  </span>
  <span
    class="c3"
  />
  <svg />
</button>
`;
