// Jest Snapshot v1, https://goo.gl/fbAQLP

exports[`Image renders 1`] = `
<img
  alt=""
  className="fluid"
  height={200}
  src="test-image.jpg"
  width={200}
/>
`;
