// Jest Snapshot v1, https://goo.gl/fbAQLP

exports[`Row renders 1`] = `
<Row
  className="flexRow xsReverseCancel smReverseCancel mdReverseCancel lgReverseCancel xlReverseCancel"
>
  <div
    className="flexRow xsReverseCancel smReverseCancel mdReverseCancel lgReverseCancel xlReverseCancel row"
  >
    Some content
  </div>
</Row>
`;
