// Jest Snapshot v1, https://goo.gl/fbAQLP

exports[`<Notification /> renders 1`] = `
<div
  class="verticalPaddingDesktop-3 instructional"
>
  <div
    class="container container--limited-width"
  >
    <div
      class="grid-row"
    >
      <div
        class="xs-12"
      >
        <div
          class="betweenRightMarginDesktop-3 inline"
        >
          <p
            class="wordBreak noSpacing color medium mediumFont leftAlign"
          >
            Some content
          </p>
        </div>
      </div>
    </div>
  </div>
</div>
`;
