// Jest Snapshot v1, https://goo.gl/fbAQLP

exports[`Strong renders 1`] = `
<strong
  className="boldFont"
>
  Some content
</strong>
`;
