// Jest Snapshot v1, https://goo.gl/fbAQLP

exports[`Flexbox renders 1`] = `
<div
  className="row"
>
  Some content
</div>
`;
