// Jest Snapshot v1, https://goo.gl/fbAQLP

exports[`Radio renders 1`] = `
<div
  class="betweenBottomMarginDesktop-2 stack"
>
  <label
    for="the-group_the-value"
  >
    <div
      class="betweenRightMarginDesktop-3 inline alignFlexStart"
    >
      <span
        class="fakeRadio unchecked"
        data-testid="fake-input"
      >
        <input
          aria-invalid="false"
          class="hiddenInput"
          id="the-group_the-value"
          name="the-group"
          type="radio"
          value="the-value"
        />
      </span>
      <span
        class="medium mediumFont color"
      >
        A label
      </span>
    </div>
  </label>
</div>
`;
