// Jest Snapshot v1, https://goo.gl/fbAQLP

exports[`Benefit renders 1`] = `
<ul
  class="TDS_Box-modules__betweenBottomMargin-3___1jBrz TDS_Box-modules__stack___33m4D"
/>
`;
