// Jest Snapshot v1, https://goo.gl/fbAQLP

exports[`TextSup renders 1`] = `
<sup
  className="sup"
>
  Some content
</sup>
`;
