// Jest Snapshot v1, https://goo.gl/fbAQLP

exports[`Icon renders 1`] = `
<Icon__StyledIcon
  iSize={24}
  symbol="spyglass"
/>
`;
