// Jest Snapshot v1, https://goo.gl/fbAQLP

exports[`BlockHeroTitleEyebrow matches snapshot 1`] = `
<BlockHero
  eyebrow="Foo"
  heroImage={
    Object {
      "file": Object {
        "title": "Client logo title",
        "url": "some/url",
      },
    }
  }
  title="Bar"
>
  <section
    className="b-hero"
  >
    <div
      className="b-hero__image"
      style={
        Object {
          "backgroundImage": "url(some/url)",
          "backgroundPosition": "center top",
          "backgroundSize": "cover",
          "paddingBottom": "28.125%",
          "position": "relative",
          "width": "100%",
        }
      }
    />
    <div
      className="container container--limited-width"
    >
      <div
        className="grid-row"
      >
        <div
          className="medium-12"
        >
          <p
            className="heading-4 b-hero__eyebrow"
          >
            Foo
          </p>
          <h1
            className="display-heading-1"
          >
            Bar
          </h1>
        </div>
      </div>
    </div>
  </section>
</BlockHero>
`;
