// Jest Snapshot v1, https://goo.gl/fbAQLP

exports[`A11yContent renders 1`] = `
<span
  className="a11yContent"
>
  Some text
</span>
`;
