// Jest Snapshot v1, https://goo.gl/fbAQLP

exports[`PriceLockup renders 1`] = `
<div>
  <TopText />
  <div
    className="priceWrapper"
  >
    <PriceValueSign />
    <RateText />
  </div>
  <Hairline />
</div>
`;
