exports[`BlockHeroTitleEyebrow matches snapshot 1`] = `
<BlockHeroTitleEyebrow
  eyebrow="Foo"
  heroImage={
    Object {
      "file": Object {
        "title": "Client logo title",
        "url": "some/url",
      },
    }
  }
  title="Bar">
  <section>
    <div
      className="b-hero-title-eyebrow"
      style={
        Object {
          "backgroundImage": "url(some/url)",
          "backgroundPosition": "center top",
          "backgroundSize": "cover",
          "paddingBottom": "28.125%",
          "position": "relative",
          "width": "100%",
        }
      } />
    <div
      className="container container--limited-width">
      <div
        className="grid-row">
        <div
          className="medium-12">
          <p
            className="heading-4 b-hero-title-eyebrow__eyebrow">
            Foo
          </p>
          <h1
            className="heading-1">
            Bar
          </h1>
        </div>
      </div>
    </div>
  </section>
</BlockHeroTitleEyebrow>
`;
